C51 COMPILER V9.57.0.0   ACTION                                                            04/01/2023 21:39:36 PAGE 1   


C51 COMPILER V9.57.0.0, COMPILATION OF MODULE ACTION
OBJECT MODULE PLACED IN .\Objects\action.obj
COMPILER INVOKED BY: D:\keil\keil51\C51\BIN\C51.EXE USER\ACTION\action.c OPTIMIZE(8,SPEED) BROWSE INCDIR(.\Listings;.\US
                    -ER;.\USER\OLED;.\USER\MOTOR;.\USER\TIMER;.\USER\ADC;.\USER\UART;.\USER\EEPROM;.\USER\ACTION;.\USER\UART) DEBUG OBJECTEXT
                    -END PRINT(.\Listings\action.lst) OBJECT(.\Objects\action.obj)

line level    source

   1          #include "stc15w4k.h"
   2          #include "action.h"
   3          #include "eeprom.h"
   4          #include "motor.h"
   5          #include "uart.h"
   6          //test for track
   7          //track eight lines
   8          void jump_line()
   9          {
  10   1              while(frontPortData==0x7f)track_PID(50);
  11   1      }
  12          void test_track()
  13          {
  14   1              u8 n=8;
  15   1              while(n)
  16   1              {
  17   2                      track_PID(50);
  18   2                      if(frontPortData==0x7f)
  19   2                      {
  20   3                              n--;
  21   3                              jump_line();
  22   3                      }
  23   2              }
  24   1              
  25   1      }


MODULE INFORMATION:   STATIC OVERLAYABLE
   CODE SIZE        =     42    ----
   CONSTANT SIZE    =   ----    ----
   XDATA SIZE       =   ----    ----
   PDATA SIZE       =   ----    ----
   DATA SIZE        =   ----       1
   IDATA SIZE       =   ----    ----
   BIT SIZE         =   ----    ----
END OF MODULE INFORMATION.


C51 COMPILATION COMPLETE.  0 WARNING(S),  0 ERROR(S)
